// Jest Snapshot v1, https://goo.gl/fbAQLP

exports[`prooves that clients are fetched from json-server successfully 1`] = `Array []`;
